zeth~
zarbon~
yemma~
yamma~
yamcha~
wolfwood~
wolfman~
wankster~
wanksta~
vojak~
vojack~
videl~
vid~
vegettto~
vegetto~
vegetoo~
vegeto~
vash~
uubu~
uub~
ulak~
ubuu~
two~
twenty~
twelve~
trunks~
trunk~
toranksu~
tn~
titties~
tien~
three~
thirteen~
testing~
testchar~
test~
ten~
sword~
sux~
superman~
suck~
storm~
spiderman~
spider~
slifer~
slate~
sixteen~
six~
sindaku~
shit~
shenlong~
shank~
seventeen~
seven~
scorpion~
save~
satan~
ruppika~
roshi~
rofl~
riku~
riketsu~
recoome~
raditz~
radditz~
quicksilver~
puto~
puta~
pusy~
pussy~
pusssy~
puss~
pus~
punisher~
puneta~
punch~
pornstar~
pie~
picolo~
perro~
pastilla~
park~
panadol~
pan~
orgy~
orgen~
opx~
opix~
opi~
oozaru~
one~
norbac~
nineteen~
nine~
night~
neil~
namek~
nail~
mutant~
muerte~
motherfucker~
moses~
milf~
mierda~
meiyo~
maron~
lycan~
lol~
locke~
lmao~
linkin~
life~
lagato~
krillin~
krillen~
korin~
koren~
kold~
knife~
klesh~
king~
kill~
kick~
katana~
kami~
kai~
joker~
jiaozi~
jesus~
jeice~
jace~
icer~
iceman~
human~
hoshito~
homer~
hoe~
hiko~
hercule~
hell~
hawk~
gyfer~
gucci~
grimreaper~
graven~
gouko~
gotenks~
goten~
gotanks~
good~
gokuo~
goku~
gohan~
gogeta~
gippal~
ginyu~
general~
gatzisafag~
gato~
gangster~
gangsta~
gadget~
fucking~
fucker~
fuck~
frieza~
freezer~
freaza~
fourteen~
four~
five~
fifthteen~
evil~
ender~
eleven~
eijin~
eightteen~
eighteen~
eight~
downassbitch~
dicky~
dicksuck~
dicksuc~
dicknpus~
dick~
descolada~
dende~
demosthenes~
demos~
death~
daikaioshin~
cyclops~
culo~
crunkz~
cooler~
cold~
christ~
choutzu~
chichi~
cell~
caca~
cabron~
busta~
bulma~
budokai~
broly~
brolly~
broli~
bra~
bojak~
bojack~
blitz~
blitsz~
blaster~
blast~
bitch~
bio~
bayer~
batman~
bardock~
australia~
ass~
arse~
android~
anders~
advil~
adrian~
adreim~
$~
